#
# There is insufficient memory for the Java Runtime Environment to continue.
# Native memory allocation (malloc) failed to allocate 1719768 bytes. Error detail: Chunk::new
# Possible reasons:
#   The system is out of physical RAM or swap space
#   This process is running with CompressedOops enabled, and the Java Heap may be blocking the growth of the native heap
# Possible solutions:
#   Reduce memory load on the system
#   Increase physical memory or swap space
#   Check if swap backing store is full
#   Decrease Java heap size (-Xmx/-Xms)
#   Decrease number of Java threads
#   Decrease Java thread stack sizes (-Xss)
#   Set larger code cache with -XX:ReservedCodeCacheSize=
#   JVM is running with Zero Based Compressed Oops mode in which the Java heap is
#     placed in the first 32GB address space. The Java Heap base address is the
#     maximum limit for the native heap growth. Please use -XX:HeapBaseMinAddress
#     to set the Java Heap base and to place the Java Heap above 32GB virtual address.
# This output file may be truncated or incomplete.
#
#  Out of Memory Error (arena.cpp:186), pid=4412, tid=20136
#
# JRE version: OpenJDK Runtime Environment (25.0.2+10) (build 25.0.2+10-69)
# Java VM: OpenJDK 64-Bit Server VM (25.0.2+10-69, mixed mode, sharing, tiered, compressed oops, compressed class ptrs, g1 gc, windows-amd64)
# No core dump will be written. Minidumps are not enabled by default on client versions of Windows
#

---------------  S U M M A R Y ------------

Command Line: -javaagent:C:\Users\bijin\AppData\Local\JetBrains\IntelliJIdea2025.3\captureAgent\debugger-agent.jar=file:///C:/Users/bijin/AppData/Local/Temp/capture5658723430676318924.props -ea -Didea.test.cyclic.buffer.size=1048576 -javaagent:C:\Program Files\JetBrains\IntelliJ IDEA 2025.3.3\lib\idea_rt.jar=50607 -Dkotlinx.coroutines.debug.enable.creation.stack.trace=false -Ddebugger.agent.enable.coroutines=true -Dkotlinx.coroutines.debug.enable.flows.stack.trace=true -Dkotlinx.coroutines.debug.enable.mutable.state.flows.stack.trace=true -Ddebugger.async.stack.trace.for.all.threads=true -Dfile.encoding=UTF-8 -Dsun.stdout.encoding=UTF-8 -Dsun.stderr.encoding=UTF-8 com.intellij.rt.testng.RemoteTestNGStarter -usedefaultlisteners false -socket50606 @w@C:\Users\bijin\AppData\Local\Temp\idea_working_dirs_testng.tmp -temp C:\Users\bijin\AppData\Local\Temp\idea_testng.tmp

Host: 12th Gen Intel(R) Core(TM) i5-1235U, 12 cores, 11G,  Windows 11 , 64 bit Build 26100 (10.0.26100.8328)
Time: Tue Jun  9 00:58:21 2026 Mountain Daylight Time elapsed time: 1.506413 seconds (0d 0h 0m 1s)

---------------  T H R E A D  ---------------

Current thread (0x00000198ff293ed0):  JavaThread "C2 CompilerThread0" daemon [_thread_in_native, id=20136, stack(0x0000000529500000,0x0000000529600000) (1024K)]


Current CompileTask:
C2:1506 1378       4       java.util.jar.JarFile::getVersionedEntry (114 bytes)

Stack: [0x0000000529500000,0x0000000529600000]
Native frames: (J=compiled Java code, j=interpreted, Vv=VM code, C=native code)
V  [jvm.dll+0x7a70f9]  (no source info available)
V  [jvm.dll+0x772d6d]  (no source info available)
V  [jvm.dll+0x965d53]  (no source info available)
V  [jvm.dll+0x968351]  (no source info available)
V  [jvm.dll+0x968a63]  (no source info available)
V  [jvm.dll+0x2fc846]  (no source info available)
V  [jvm.dll+0x111b16]  (no source info available)
V  [jvm.dll+0x111e3e]  (no source info available)
V  [jvm.dll+0x1a0872]  (no source info available)
V  [jvm.dll+0x3b54c2]  (no source info available)
V  [jvm.dll+0x7aca8f]  (no source info available)
V  [jvm.dll+0x2c0b97]  (no source info available)
V  [jvm.dll+0x2bfb5f]  (no source info available)
V  [jvm.dll+0x2379a0]  (no source info available)
V  [jvm.dll+0x2cfc86]  (no source info available)
V  [jvm.dll+0x2cdf05]  (no source info available)
V  [jvm.dll+0x48e9d1]  (no source info available)
V  [jvm.dll+0x906fcd]  (no source info available)
V  [jvm.dll+0x7a56d5]  (no source info available)
C  [ucrtbase.dll+0x37b0]  (no source info available)
C  [KERNEL32.DLL+0x2e957]  (no source info available)
C  [ntdll.dll+0x427c]  (no source info available)

Lock stack of current Java thread (top to bottom):


---------------  P R O C E S S  ---------------

Threads class SMR info:
_java_thread_list=0x000001988752e8a0, length=15, elements={
0x00000198e352f7a0, 0x00000198ff285e30, 0x00000198ff286890, 0x00000198ff288dd0,
0x00000198ff28c9b0, 0x00000198ff2900f0, 0x00000198ff291820, 0x00000198ff293ed0,
0x00000198ff29eaa0, 0x00000198ffd63e60, 0x00000198ffdf56c0, 0x00000198860ac9f0,
0x00000198860c5c80, 0x00000198872a2b90, 0x0000019887681f50
}

Java Threads: ( => current thread )
  0x00000198e352f7a0 JavaThread "main"                              [_thread_in_Java, id=30964, stack(0x0000000528700000,0x0000000528800000) (1024K)]
  0x00000198ff285e30 JavaThread "Reference Handler"          daemon [_thread_blocked, id=29228, stack(0x0000000528f00000,0x0000000529000000) (1024K)]
  0x00000198ff286890 JavaThread "Finalizer"                  daemon [_thread_blocked, id=32960, stack(0x0000000529000000,0x0000000529100000) (1024K)]
  0x00000198ff288dd0 JavaThread "Signal Dispatcher"          daemon [_thread_blocked, id=26168, stack(0x0000000529100000,0x0000000529200000) (1024K)]
  0x00000198ff28c9b0 JavaThread "Attach Listener"            daemon [_thread_blocked, id=17040, stack(0x0000000529200000,0x0000000529300000) (1024K)]
  0x00000198ff2900f0 JavaThread "Service Thread"             daemon [_thread_blocked, id=26308, stack(0x0000000529300000,0x0000000529400000) (1024K)]
  0x00000198ff291820 JavaThread "Monitor Deflation Thread"   daemon [_thread_blocked, id=31600, stack(0x0000000529400000,0x0000000529500000) (1024K)]
=>0x00000198ff293ed0 JavaThread "C2 CompilerThread0"         daemon [_thread_in_native, id=20136, stack(0x0000000529500000,0x0000000529600000) (1024K)]
  0x00000198ff29eaa0 JavaThread "C1 CompilerThread0"         daemon [_thread_blocked, id=1132, stack(0x0000000529600000,0x0000000529700000) (1024K)]
  0x00000198ffd63e60 JavaThread "Common-Cleaner"             daemon [_thread_blocked, id=5296, stack(0x0000000529700000,0x0000000529800000) (1024K)]
  0x00000198ffdf56c0 JavaThread "IntelliJ Suspend Helper"    daemon [_thread_blocked, id=4476, stack(0x0000000529800000,0x0000000529900000) (1024K)]
  0x00000198860ac9f0 JavaThread "Monitor Ctrl-Break"         daemon [_thread_in_native, id=16976, stack(0x0000000529900000,0x0000000529a00000) (1024K)]
  0x00000198860c5c80 JavaThread "Notification Thread"        daemon [_thread_blocked, id=2664, stack(0x0000000529a00000,0x0000000529b00000) (1024K)]
  0x00000198872a2b90 JavaThread "C2 CompilerThread1"         daemon [_thread_in_native, id=7500, stack(0x0000000529b00000,0x0000000529c00000) (1024K)]
  0x0000019887681f50 JavaThread "C2 CompilerThread2"         daemon [_thread_in_native, id=20264, stack(0x0000000529c00000,0x0000000529d00000) (1024K)]
Total: 15

Other Threads:
  0x00000198ff277690 VMThread "VM Thread"                           [id=15124, stack(0x0000000528e00000,0x0000000528f00000) (1024K)]
  0x00000198ff266d40 WatcherThread "VM Periodic Task Thread"        [id=14016, stack(0x0000000528d00000,0x0000000528e00000) (1024K)]
  0x00000198e3586f90 WorkerThread "GC Thread#0"                     [id=9316, stack(0x0000000528800000,0x0000000528900000) (1024K)]
  0x00000198e35998a0 ConcurrentGCThread "G1 Main Marker"            [id=17188, stack(0x0000000528900000,0x0000000528a00000) (1024K)]
  0x00000198e359d0e0 WorkerThread "G1 Conc#0"                       [id=4112, stack(0x0000000528a00000,0x0000000528b00000) (1024K)]
  0x00000198e35ae9e0 ConcurrentGCThread "G1 Refine#0"               [id=1104, stack(0x0000000528b00000,0x0000000528c00000) (1024K)]
  0x00000198ff139650 ConcurrentGCThread "G1 Service"                [id=8560, stack(0x0000000528c00000,0x0000000528d00000) (1024K)]
Total: 7

Threads with active compile tasks:
C2 CompilerThread0  1677 1378       4       java.util.jar.JarFile::getVersionedEntry (114 bytes)
C1 CompilerThread0  1677 1444       3       jdk.internal.classfile.impl.Util::writeList (28 bytes)
C2 CompilerThread1  1677 1380   !   4       java.util.zip.ZipFile::getMetaInfVersions (44 bytes)
C2 CompilerThread2  1677 1383 %     4       java.io.WinNTFileSystem::normalize @ 27 (148 bytes)
Total: 4

VM state: not at safepoint (normal execution)

VM Mutex/Monitor currently owned by a thread: None

Heap address: 0x0000000745200000, size: 2990 MB, Compressed Oops mode: Zero based, Oop shift amount: 3

CDS archive(s) mapped at: [0x0000000098000000-0x0000000098dd0000-0x0000000098dd0000), size 14483456, SharedBaseAddress: 0x0000000098000000, ArchiveRelocationMode: 1.
Compressed class space mapped at: 0x0000000099000000-0x00000000d9000000, reserved size: 1073741824
UseCompressedClassPointers 1, UseCompactObjectHeaders 0
Narrow klass pointer bits 32, Max shift 3
Narrow klass base: 0x0000000098000000, Narrow klass shift: 0
Encoding Range: [0x0000000098000000 - 0x0000000198000000), (4294967296 bytes)
Klass Range:    [0x0000000098010000 - 0x00000000d9000000), (1090453504 bytes)
Klass ID Range:  [65536 - 1090519033) (1090453497)
Protection zone: [0x0000000098000000 - 0x0000000098010000), (65536 bytes)

GC Precious Log:
 CardTable entry size: 512
 Card Set container configuration: InlinePtr #cards 4 size 8 Array Of Cards #cards 16 size 48 Howl #buckets 8 coarsen threshold 3686 Howl Bitmap #cards 512 size 80 coarsen threshold 460 Card regions per heap region 1 cards per card region 4096
 CPUs: 12 total, 12 available
 Memory: 11959M
 Large Page Support: Disabled
 NUMA Support: Disabled
 Compressed Oops: Enabled (Zero based)
 Heap Region Size: 2M
 Heap Min Capacity: 8M
 Heap Initial Capacity: 188M
 Heap Max Capacity: 2990M
 Pre-touch: Disabled
 Parallel Workers: 10
 Concurrent Workers: 3
 Concurrent Refinement Workers: 10
 Periodic GC: Disabled

Heap:
 garbage-first heap   total reserved 3061760K, committed 194560K, used 44179K [0x0000000745200000, 0x0000000800000000)
  region size 2048K, 23 young (47104K), 0 survivors (0K)

Heap Regions: E=young(eden), S=young(survivor), O=old, HS=humongous(starts), HC=humongous(continues), CS=collection set, F=free, TAMS=top-at-mark-start, PB=parsable bottom
|   0|0x0000000745200000, 0x0000000745200000, 0x0000000745400000|  0%| F|  |TAMS 0x0000000745200000| PB 0x0000000745200000| Untracked |  0
|   1|0x0000000745400000, 0x0000000745400000, 0x0000000745600000|  0%| F|  |TAMS 0x0000000745400000| PB 0x0000000745400000| Untracked |  0
|   2|0x0000000745600000, 0x0000000745600000, 0x0000000745800000|  0%| F|  |TAMS 0x0000000745600000| PB 0x0000000745600000| Untracked |  0
|   3|0x0000000745800000, 0x0000000745800000, 0x0000000745a00000|  0%| F|  |TAMS 0x0000000745800000| PB 0x0000000745800000| Untracked |  0
|   4|0x0000000745a00000, 0x0000000745a00000, 0x0000000745c00000|  0%| F|  |TAMS 0x0000000745a00000| PB 0x0000000745a00000| Untracked |  0
|   5|0x0000000745c00000, 0x0000000745c00000, 0x0000000745e00000|  0%| F|  |TAMS 0x0000000745c00000| PB 0x0000000745c00000| Untracked |  0
|   6|0x0000000745e00000, 0x0000000745e00000, 0x0000000746000000|  0%| F|  |TAMS 0x0000000745e00000| PB 0x0000000745e00000| Untracked |  0
|   7|0x0000000746000000, 0x0000000746000000, 0x0000000746200000|  0%| F|  |TAMS 0x0000000746000000| PB 0x0000000746000000| Untracked |  0
|   8|0x0000000746200000, 0x0000000746200000, 0x0000000746400000|  0%| F|  |TAMS 0x0000000746200000| PB 0x0000000746200000| Untracked |  0
|   9|0x0000000746400000, 0x0000000746400000, 0x0000000746600000|  0%| F|  |TAMS 0x0000000746400000| PB 0x0000000746400000| Untracked |  0
|  10|0x0000000746600000, 0x0000000746600000, 0x0000000746800000|  0%| F|  |TAMS 0x0000000746600000| PB 0x0000000746600000| Untracked |  0
|  11|0x0000000746800000, 0x0000000746800000, 0x0000000746a00000|  0%| F|  |TAMS 0x0000000746800000| PB 0x0000000746800000| Untracked |  0
|  12|0x0000000746a00000, 0x0000000746a00000, 0x0000000746c00000|  0%| F|  |TAMS 0x0000000746a00000| PB 0x0000000746a00000| Untracked |  0
|  13|0x0000000746c00000, 0x0000000746c00000, 0x0000000746e00000|  0%| F|  |TAMS 0x0000000746c00000| PB 0x0000000746c00000| Untracked |  0
|  14|0x0000000746e00000, 0x0000000746e00000, 0x0000000747000000|  0%| F|  |TAMS 0x0000000746e00000| PB 0x0000000746e00000| Untracked |  0
|  15|0x0000000747000000, 0x0000000747000000, 0x0000000747200000|  0%| F|  |TAMS 0x0000000747000000| PB 0x0000000747000000| Untracked |  0
|  16|0x0000000747200000, 0x0000000747200000, 0x0000000747400000|  0%| F|  |TAMS 0x0000000747200000| PB 0x0000000747200000| Untracked |  0
|  17|0x0000000747400000, 0x0000000747400000, 0x0000000747600000|  0%| F|  |TAMS 0x0000000747400000| PB 0x0000000747400000| Untracked |  0
|  18|0x0000000747600000, 0x0000000747600000, 0x0000000747800000|  0%| F|  |TAMS 0x0000000747600000| PB 0x0000000747600000| Untracked |  0
|  19|0x0000000747800000, 0x0000000747800000, 0x0000000747a00000|  0%| F|  |TAMS 0x0000000747800000| PB 0x0000000747800000| Untracked |  0
|  20|0x0000000747a00000, 0x0000000747a00000, 0x0000000747c00000|  0%| F|  |TAMS 0x0000000747a00000| PB 0x0000000747a00000| Untracked |  0
|  21|0x0000000747c00000, 0x0000000747c00000, 0x0000000747e00000|  0%| F|  |TAMS 0x0000000747c00000| PB 0x0000000747c00000| Untracked |  0
|  22|0x0000000747e00000, 0x0000000747e00000, 0x0000000748000000|  0%| F|  |TAMS 0x0000000747e00000| PB 0x0000000747e00000| Untracked |  0
|  23|0x0000000748000000, 0x0000000748000000, 0x0000000748200000|  0%| F|  |TAMS 0x0000000748000000| PB 0x0000000748000000| Untracked |  0
|  24|0x0000000748200000, 0x0000000748200000, 0x0000000748400000|  0%| F|  |TAMS 0x0000000748200000| PB 0x0000000748200000| Untracked |  0
|  25|0x0000000748400000, 0x0000000748400000, 0x0000000748600000|  0%| F|  |TAMS 0x0000000748400000| PB 0x0000000748400000| Untracked |  0
|  26|0x0000000748600000, 0x0000000748600000, 0x0000000748800000|  0%| F|  |TAMS 0x0000000748600000| PB 0x0000000748600000| Untracked |  0
|  27|0x0000000748800000, 0x0000000748800000, 0x0000000748a00000|  0%| F|  |TAMS 0x0000000748800000| PB 0x0000000748800000| Untracked |  0
|  28|0x0000000748a00000, 0x0000000748a00000, 0x0000000748c00000|  0%| F|  |TAMS 0x0000000748a00000| PB 0x0000000748a00000| Untracked |  0
|  29|0x0000000748c00000, 0x0000000748c00000, 0x0000000748e00000|  0%| F|  |TAMS 0x0000000748c00000| PB 0x0000000748c00000| Untracked |  0
|  30|0x0000000748e00000, 0x0000000748e00000, 0x0000000749000000|  0%| F|  |TAMS 0x0000000748e00000| PB 0x0000000748e00000| Untracked |  0
|  31|0x0000000749000000, 0x0000000749000000, 0x0000000749200000|  0%| F|  |TAMS 0x0000000749000000| PB 0x0000000749000000| Untracked |  0
|  32|0x0000000749200000, 0x0000000749200000, 0x0000000749400000|  0%| F|  |TAMS 0x0000000749200000| PB 0x0000000749200000| Untracked |  0
|  33|0x0000000749400000, 0x0000000749400000, 0x0000000749600000|  0%| F|  |TAMS 0x0000000749400000| PB 0x0000000749400000| Untracked |  0
|  34|0x0000000749600000, 0x0000000749600000, 0x0000000749800000|  0%| F|  |TAMS 0x0000000749600000| PB 0x0000000749600000| Untracked |  0
|  35|0x0000000749800000, 0x0000000749800000, 0x0000000749a00000|  0%| F|  |TAMS 0x0000000749800000| PB 0x0000000749800000| Untracked |  0
|  36|0x0000000749a00000, 0x0000000749a00000, 0x0000000749c00000|  0%| F|  |TAMS 0x0000000749a00000| PB 0x0000000749a00000| Untracked |  0
|  37|0x0000000749c00000, 0x0000000749c00000, 0x0000000749e00000|  0%| F|  |TAMS 0x0000000749c00000| PB 0x0000000749c00000| Untracked |  0
|  38|0x0000000749e00000, 0x0000000749e00000, 0x000000074a000000|  0%| F|  |TAMS 0x0000000749e00000| PB 0x0000000749e00000| Untracked |  0
|  39|0x000000074a000000, 0x000000074a000000, 0x000000074a200000|  0%| F|  |TAMS 0x000000074a000000| PB 0x000000074a000000| Untracked |  0
|  40|0x000000074a200000, 0x000000074a200000, 0x000000074a400000|  0%| F|  |TAMS 0x000000074a200000| PB 0x000000074a200000| Untracked |  0
|  41|0x000000074a400000, 0x000000074a400000, 0x000000074a600000|  0%| F|  |TAMS 0x000000074a400000| PB 0x000000074a400000| Untracked |  0
|  42|0x000000074a600000, 0x000000074a600000, 0x000000074a800000|  0%| F|  |TAMS 0x000000074a600000| PB 0x000000074a600000| Untracked |  0
|  43|0x000000074a800000, 0x000000074a800000, 0x000000074aa00000|  0%| F|  |TAMS 0x000000074a800000| PB 0x000000074a800000| Untracked |  0
|  44|0x000000074aa00000, 0x000000074aa00000, 0x000000074ac00000|  0%| F|  |TAMS 0x000000074aa00000| PB 0x000000074aa00000| Untracked |  0
|  45|0x000000074ac00000, 0x000000074ac00000, 0x000000074ae00000|  0%| F|  |TAMS 0x000000074ac00000| PB 0x000000074ac00000| Untracked |  0
|  46|0x000000074ae00000, 0x000000074ae00000, 0x000000074b000000|  0%| F|  |TAMS 0x000000074ae00000| PB 0x000000074ae00000| Untracked |  0
|  47|0x000000074b000000, 0x000000074b000000, 0x000000074b200000|  0%| F|  |TAMS 0x000000074b000000| PB 0x000000074b000000| Untracked |  0
|  48|0x000000074b200000, 0x000000074b200000, 0x000000074b400000|  0%| F|  |TAMS 0x000000074b200000| PB 0x000000074b200000| Untracked |  0
|  49|0x000000074b400000, 0x000000074b400000, 0x000000074b600000|  0%| F|  |TAMS 0x000000074b400000| PB 0x000000074b400000| Untracked |  0
|  50|0x000000074b600000, 0x000000074b600000, 0x000000074b800000|  0%| F|  |TAMS 0x000000074b600000| PB 0x000000074b600000| Untracked |  0
|  51|0x000000074b800000, 0x000000074b800000, 0x000000074ba00000|  0%| F|  |TAMS 0x000000074b800000| PB 0x000000074b800000| Untracked |  0
|  52|0x000000074ba00000, 0x000000074ba00000, 0x000000074bc00000|  0%| F|  |TAMS 0x000000074ba00000| PB 0x000000074ba00000| Untracked |  0
|  53|0x000000074bc00000, 0x000000074bc00000, 0x000000074be00000|  0%| F|  |TAMS 0x000000074bc00000| PB 0x000000074bc00000| Untracked |  0
|  54|0x000000074be00000, 0x000000074be00000, 0x000000074c000000|  0%| F|  |TAMS 0x000000074be00000| PB 0x000000074be00000| Untracked |  0
|  55|0x000000074c000000, 0x000000074c000000, 0x000000074c200000|  0%| F|  |TAMS 0x000000074c000000| PB 0x000000074c000000| Untracked |  0
|  56|0x000000074c200000, 0x000000074c200000, 0x000000074c400000|  0%| F|  |TAMS 0x000000074c200000| PB 0x000000074c200000| Untracked |  0
|  57|0x000000074c400000, 0x000000074c400000, 0x000000074c600000|  0%| F|  |TAMS 0x000000074c400000| PB 0x000000074c400000| Untracked |  0
|  58|0x000000074c600000, 0x000000074c600000, 0x000000074c800000|  0%| F|  |TAMS 0x000000074c600000| PB 0x000000074c600000| Untracked |  0
|  59|0x000000074c800000, 0x000000074c800000, 0x000000074ca00000|  0%| F|  |TAMS 0x000000074c800000| PB 0x000000074c800000| Untracked |  0
|  60|0x000000074ca00000, 0x000000074ca00000, 0x000000074cc00000|  0%| F|  |TAMS 0x000000074ca00000| PB 0x000000074ca00000| Untracked |  0
|  61|0x000000074cc00000, 0x000000074cc00000, 0x000000074ce00000|  0%| F|  |TAMS 0x000000074cc00000| PB 0x000000074cc00000| Untracked |  0
|  62|0x000000074ce00000, 0x000000074ce00000, 0x000000074d000000|  0%| F|  |TAMS 0x000000074ce00000| PB 0x000000074ce00000| Untracked |  0
|  63|0x000000074d000000, 0x000000074d000000, 0x000000074d200000|  0%| F|  |TAMS 0x000000074d000000| PB 0x000000074d000000| Untracked |  0
|  64|0x000000074d200000, 0x000000074d200000, 0x000000074d400000|  0%| F|  |TAMS 0x000000074d200000| PB 0x000000074d200000| Untracked |  0
|  65|0x000000074d400000, 0x000000074d400000, 0x000000074d600000|  0%| F|  |TAMS 0x000000074d400000| PB 0x000000074d400000| Untracked |  0
|  66|0x000000074d600000, 0x000000074d600000, 0x000000074d800000|  0%| F|  |TAMS 0x000000074d600000| PB 0x000000074d600000| Untracked |  0
|  67|0x000000074d800000, 0x000000074d800000, 0x000000074da00000|  0%| F|  |TAMS 0x000000074d800000| PB 0x000000074d800000| Untracked |  0
|  68|0x000000074da00000, 0x000000074da00000, 0x000000074dc00000|  0%| F|  |TAMS 0x000000074da00000| PB 0x000000074da00000| Untracked |  0
|  69|0x000000074dc00000, 0x000000074dc00000, 0x000000074de00000|  0%| F|  |TAMS 0x000000074dc00000| PB 0x000000074dc00000| Untracked |  0
|  70|0x000000074de00000, 0x000000074de00000, 0x000000074e000000|  0%| F|  |TAMS 0x000000074de00000| PB 0x000000074de00000| Untracked |  0
|  71|0x000000074e000000, 0x000000074e0f9c38, 0x000000074e200000| 48%| E|  |TAMS 0x000000074e000000| PB 0x000000074e000000| Complete |  0
|  72|0x000000074e200000, 0x000000074e400000, 0x000000074e400000|100%| E|CS|TAMS 0x000000074e200000| PB 0x000000074e200000| Complete |  0
|  73|0x000000074e400000, 0x000000074e600000, 0x000000074e600000|100%| E|CS|TAMS 0x000000074e400000| PB 0x000000074e400000| Complete |  0
|  74|0x000000074e600000, 0x000000074e800000, 0x000000074e800000|100%| E|CS|TAMS 0x000000074e600000| PB 0x000000074e600000| Complete |  0
|  75|0x000000074e800000, 0x000000074ea00000, 0x000000074ea00000|100%| E|CS|TAMS 0x000000074e800000| PB 0x000000074e800000| Complete |  0
|  76|0x000000074ea00000, 0x000000074ec00000, 0x000000074ec00000|100%| E|  |TAMS 0x000000074ea00000| PB 0x000000074ea00000| Complete |  0
|  77|0x000000074ec00000, 0x000000074ee00000, 0x000000074ee00000|100%| E|CS|TAMS 0x000000074ec00000| PB 0x000000074ec00000| Complete |  0
|  78|0x000000074ee00000, 0x000000074f000000, 0x000000074f000000|100%| E|CS|TAMS 0x000000074ee00000| PB 0x000000074ee00000| Complete |  0
|  79|0x000000074f000000, 0x000000074f200000, 0x000000074f200000|100%| E|CS|TAMS 0x000000074f000000| PB 0x000000074f000000| Complete |  0
|  80|0x000000074f200000, 0x000000074f400000, 0x000000074f400000|100%| E|CS|TAMS 0x000000074f200000| PB 0x000000074f200000| Complete |  0
|  81|0x000000074f400000, 0x000000074f600000, 0x000000074f600000|100%| E|CS|TAMS 0x000000074f400000| PB 0x000000074f400000| Complete |  0
|  82|0x000000074f600000, 0x000000074f800000, 0x000000074f800000|100%| E|CS|TAMS 0x000000074f600000| PB 0x000000074f600000| Complete |  0
|  83|0x000000074f800000, 0x000000074fa00000, 0x000000074fa00000|100%| E|CS|TAMS 0x000000074f800000| PB 0x000000074f800000| Complete |  0
|  84|0x000000074fa00000, 0x000000074fc00000, 0x000000074fc00000|100%| E|CS|TAMS 0x000000074fa00000| PB 0x000000074fa00000| Complete |  0
|  85|0x000000074fc00000, 0x000000074fe00000, 0x000000074fe00000|100%| E|CS|TAMS 0x000000074fc00000| PB 0x000000074fc00000| Complete |  0
|  86|0x000000074fe00000, 0x0000000750000000, 0x0000000750000000|100%| E|CS|TAMS 0x000000074fe00000| PB 0x000000074fe00000| Complete |  0
|  87|0x0000000750000000, 0x0000000750200000, 0x0000000750200000|100%| E|CS|TAMS 0x0000000750000000| PB 0x0000000750000000| Complete |  0
|  88|0x0000000750200000, 0x0000000750400000, 0x0000000750400000|100%| E|CS|TAMS 0x0000000750200000| PB 0x0000000750200000| Complete |  0
|  89|0x0000000750400000, 0x0000000750600000, 0x0000000750600000|100%| E|CS|TAMS 0x0000000750400000| PB 0x0000000750400000| Complete |  0
|  90|0x0000000750600000, 0x0000000750800000, 0x0000000750800000|100%| E|CS|TAMS 0x0000000750600000| PB 0x0000000750600000| Complete |  0
|  91|0x0000000750800000, 0x0000000750a00000, 0x0000000750a00000|100%| E|CS|TAMS 0x0000000750800000| PB 0x0000000750800000| Complete |  0
|  92|0x0000000750a00000, 0x0000000750c00000, 0x0000000750c00000|100%| E|CS|TAMS 0x0000000750a00000| PB 0x0000000750a00000| Complete |  0
|  93|0x0000000750c00000, 0x0000000750e00000, 0x0000000750e00000|100%| E|CS|TAMS 0x0000000750c00000| PB 0x0000000750c00000| Complete |  0
|1494|0x00000007ffe00000, 0x00000007fff24ea8, 0x0000000800000000| 57%| O|  |TAMS 0x00000007ffe00000| PB 0x00000007ffe00000| Untracked |  0

Card table byte_map: [0x00000198fb9c0000,0x00000198fbfa0000] _byte_map_base: 0x00000198f7f97000

Marking Bits: (CMBitMap*) 0x00000198e3587720
 Bits: [0x00000198fbfa0000, 0x00000198fee58000)

Polling page: 0x00000198e2cc0000

Metaspace:
Metaspace        used 15075K, committed 15232K, reserved 1114112K
 class space     used 1596K, committed 1664K, reserved 1048576K

Usage:
  Non-class:     13.16 MB used.
      Class:      1.56 MB used.
       Both:     14.72 MB used.

Virtual space:
  Non-class space:       64.00 MB reserved,      13.25 MB ( 21%) committed,  1 nodes.
      Class space:        1.00 GB reserved,       1.62 MB ( <1%) committed,  1 nodes.
             Both:        1.06 GB reserved,      14.88 MB (  1%) committed. 

Chunk freelists:
   Non-Class:  2.79 MB
       Class:  14.33 MB
        Both:  17.12 MB

MaxMetaspaceSize: unlimited
CompressedClassSpaceSize: 1.00 GB
Initial GC threshold: 21.00 MB
Current GC threshold: 21.00 MB
CDS: on
 - commit_granule_bytes: 65536.
 - commit_granule_words: 8192.
 - virtual_space_node_default_size: 8388608.
 - enlarge_chunks_in_place: 1.
UseCompressedClassPointers 1, UseCompactObjectHeaders 0
Narrow klass pointer bits 32, Max shift 3
Narrow klass base: 0x0000000098000000, Narrow klass shift: 0
Encoding Range: [0x0000000098000000 - 0x0000000198000000), (4294967296 bytes)
Klass Range:    [0x0000000098010000 - 0x00000000d9000000), (1090453504 bytes)
Klass ID Range:  [65536 - 1090519033) (1090453497)
Protection zone: [0x0000000098000000 - 0x0000000098010000), (65536 bytes)


Internal statistics:

num_allocs_failed_limit: 0.
num_arena_births: 84.
num_arena_deaths: 0.
num_vsnodes_births: 2.
num_vsnodes_deaths: 0.
num_space_committed: 238.
num_space_uncommitted: 0.
num_chunks_returned_to_freelist: 0.
num_chunks_taken_from_freelist: 290.
num_chunk_merges: 0.
num_chunk_splits: 210.
num_chunks_enlarged: 170.
num_inconsistent_stats: 0.

CodeHeap 'non-profiled nmethods': size=120064Kb used=409Kb max_used=409Kb free=119654Kb
 bounds [0x00000198f3840000, 0x00000198f3ab0000, 0x00000198fad80000]
CodeHeap 'profiled nmethods': size=120000Kb used=2076Kb max_used=2076Kb free=117923Kb
 bounds [0x00000198ebd80000, 0x00000198ebff0000, 0x00000198f32b0000]
CodeHeap 'non-nmethods': size=5696Kb used=1409Kb max_used=1409Kb free=4286Kb
 bounds [0x00000198f32b0000, 0x00000198f3520000, 0x00000198f3840000]
CodeCache: size=245760Kb, used=3894Kb, max_used=3894Kb, free=241863Kb
 total_blobs=1965, nmethods=1442, adapters=424, full_count=0
Compilation: enabled, stopped_count=0, restarted_count=0

Compilation events (20 events):
Event: 1.473 Thread 0x00000198ff29eaa0 nmethod 1369 0x00000198ebf63388 code [0x00000198ebf63480, 0x00000198ebf65590]
Event: 1.473 Thread 0x00000198ff29eaa0 1371       3       java.util.jar.JarFile::getManifest (5 bytes)
Event: 1.473 Thread 0x00000198ff29eaa0 nmethod 1371 0x00000198ebf65608 code [0x00000198ebf65700, 0x00000198ebf65830]
Event: 1.473 Thread 0x00000198ff29eaa0 1375   !   3       java.util.zip.ZipFile::getInputStream (286 bytes)
Event: 1.474 Thread 0x00000198ff29eaa0 nmethod 1375 0x00000198ebf65908 code [0x00000198ebf65a00, 0x00000198ebf66b90]
Event: 1.474 Thread 0x00000198ff29eaa0 1372       3       java.security.CodeSource::<init> (52 bytes)
Event: 1.474 Thread 0x00000198ff29eaa0 nmethod 1372 0x00000198ebf66c08 code [0x00000198ebf66d00, 0x00000198ebf67218]
Event: 1.474 Thread 0x00000198ff29eaa0 1373       3       java.security.SecureClassLoader::getProtectionDomain (37 bytes)
Event: 1.474 Thread 0x00000198ff29eaa0 nmethod 1373 0x00000198ebf67288 code [0x00000198ebf67380, 0x00000198ebf67a40]
Event: 1.474 Thread 0x00000198ff29eaa0 1370   !   3       java.lang.ClassLoader::addClass (27 bytes)
Event: 1.475 Thread 0x00000198ff29eaa0 nmethod 1370 0x00000198ebf67a88 code [0x00000198ebf67b80, 0x00000198ebf681b0]
Event: 1.475 Thread 0x00000198ff29eaa0 1376       3       jdk.internal.loader.URLClassPath$JarLoader$1::getCodeSigners (8 bytes)
Event: 1.475 Thread 0x00000198ff29eaa0 nmethod 1376 0x00000198ebf68208 code [0x00000198ebf68300, 0x00000198ebf684d0]
Event: 1.475 Thread 0x00000198ff29eaa0 1374   !   3       java.util.jar.JarFile::getManifestFromReference (197 bytes)
Event: 1.476 Thread 0x00000198ff29eaa0 nmethod 1374 0x00000198ebf68508 code [0x00000198ebf68600, 0x00000198ebf69b40]
Event: 1.477 Thread 0x00000198ff29eaa0 1377       3       jdk.internal.loader.URLClassPath$JarLoader$1::<init> (36 bytes)
Event: 1.477 Thread 0x00000198ff29eaa0 nmethod 1377 0x00000198ebf69b88 code [0x00000198ebf69c80, 0x00000198ebf6a150]
Event: 1.490 Thread 0x00000198ff293ed0 1378       4       java.util.jar.JarFile::getVersionedEntry (114 bytes)
Event: 1.490 Thread 0x00000198ff29eaa0 1379   !   3       jdk.internal.loader.Resource::getBytes (170 bytes)
Event: 1.491 Thread 0x00000198ff29eaa0 nmethod 1379 0x00000198ebf6a188 code [0x00000198ebf6a280, 0x00000198ebf6af48]

GC Heap Usage History (0 events):
No events

Metaspace Usage History (0 events):
No events

Dll operation events (9 events):
Event: 0.024 Loaded shared library C:\Users\bijin\.jdks\openjdk-25.0.2\bin\java.dll
Event: 0.026 Loaded shared library C:\Users\bijin\.jdks\openjdk-25.0.2\bin\zip.dll
Event: 0.192 Loaded shared library C:\Users\bijin\.jdks\openjdk-25.0.2\bin\instrument.dll
Event: 0.211 Loaded shared library C:\Users\bijin\.jdks\openjdk-25.0.2\bin\verify.dll
Event: 0.293 Loaded shared library C:\Users\bijin\.jdks\openjdk-25.0.2\bin\net.dll
Event: 0.296 Loaded shared library C:\Users\bijin\.jdks\openjdk-25.0.2\bin\nio.dll
Event: 0.342 Loaded shared library C:\Users\bijin\.jdks\openjdk-25.0.2\bin\zip.dll
Event: 0.438 Loaded shared library C:\Users\bijin\.jdks\openjdk-25.0.2\bin\extnet.dll
Event: 0.710 Loaded shared library C:\Users\bijin\.jdks\openjdk-25.0.2\bin\jimage.dll

Deoptimization events (20 events):
Event: 1.145 Thread 0x00000198e352f7a0 DEOPT PACKING pc=0x00000198f387df6c sp=0x00000005287fd740
Event: 1.145 Thread 0x00000198e352f7a0 DEOPT UNPACKING pc=0x00000198f33d0b82 sp=0x00000005287fd708 mode 2
Event: 1.185 Thread 0x00000198e352f7a0 Uncommon trap: trap_request=0xffffffde fr.pc=0x00000198f386bdb4 relative=0x00000000000002b4
Event: 1.185 Thread 0x00000198e352f7a0 Uncommon trap: reason=class_check action=maybe_recompile pc=0x00000198f386bdb4 method=java.util.HashMap.getNode(Ljava/lang/Object;)Ljava/util/HashMap$Node; @ 128 c2
Event: 1.185 Thread 0x00000198e352f7a0 DEOPT PACKING pc=0x00000198f386bdb4 sp=0x00000005287fe900
Event: 1.185 Thread 0x00000198e352f7a0 DEOPT UNPACKING pc=0x00000198f33d0b82 sp=0x00000005287fe868 mode 2
Event: 1.322 Thread 0x00000198e352f7a0 Uncommon trap: trap_request=0xffffff45 fr.pc=0x00000198f389552c relative=0x00000000000001ac
Event: 1.322 Thread 0x00000198e352f7a0 Uncommon trap: reason=unstable_if action=reinterpret pc=0x00000198f389552c method=java.lang.invoke.VarHandle.checkAccessModeThenIsDirect(Ljava/lang/invoke/VarHandle$AccessDescriptor;)Z @ 4 c2
Event: 1.322 Thread 0x00000198e352f7a0 DEOPT PACKING pc=0x00000198f389552c sp=0x00000005287fca40
Event: 1.322 Thread 0x00000198e352f7a0 DEOPT UNPACKING pc=0x00000198f33d0b82 sp=0x00000005287fc998 mode 2
Event: 1.324 Thread 0x00000198e352f7a0 DEOPT PACKING pc=0x00000198ebddb4f0 sp=0x00000005287fcb10
Event: 1.324 Thread 0x00000198e352f7a0 DEOPT UNPACKING pc=0x00000198f3301702 sp=0x00000005287fbf48 mode 0
Event: 1.429 Thread 0x00000198e352f7a0 Uncommon trap: trap_request=0xffffff45 fr.pc=0x00000198f386022c relative=0x00000000000001ac
Event: 1.429 Thread 0x00000198e352f7a0 Uncommon trap: reason=unstable_if action=reinterpret pc=0x00000198f386022c method=java.lang.AbstractStringBuilder.needsNewBuffer([BBIB)Z @ 8 c2
Event: 1.429 Thread 0x00000198e352f7a0 DEOPT PACKING pc=0x00000198f386022c sp=0x00000005287fd260
Event: 1.429 Thread 0x00000198e352f7a0 DEOPT UNPACKING pc=0x00000198f33d0b82 sp=0x00000005287fd108 mode 2
Event: 1.429 Thread 0x00000198e352f7a0 Uncommon trap: trap_request=0xffffff45 fr.pc=0x00000198f38606d4 relative=0x00000000000001d4
Event: 1.429 Thread 0x00000198e352f7a0 Uncommon trap: reason=unstable_if action=reinterpret pc=0x00000198f38606d4 method=java.lang.AbstractStringBuilder.isLatin1(B)Z @ 7 c2
Event: 1.429 Thread 0x00000198e352f7a0 DEOPT PACKING pc=0x00000198f38606d4 sp=0x00000005287fd260
Event: 1.429 Thread 0x00000198e352f7a0 DEOPT UNPACKING pc=0x00000198f33d0b82 sp=0x00000005287fd1a0 mode 2

Classes loaded (20 events):
Event: 1.498 Loading class io/qameta/allure/internal/shadowed/jackson/databind/cfg/MutableCoercionConfig
Event: 1.498 Loading class io/qameta/allure/internal/shadowed/jackson/databind/cfg/MutableCoercionConfig done
Event: 1.499 Loading class io/qameta/allure/internal/shadowed/jackson/databind/cfg/CoercionConfig
Event: 1.499 Loading class io/qameta/allure/internal/shadowed/jackson/databind/cfg/CoercionConfig done
Event: 1.499 Loading class io/qameta/allure/internal/shadowed/jackson/databind/cfg/CoercionInputShape
Event: 1.499 Loading class io/qameta/allure/internal/shadowed/jackson/databind/cfg/CoercionInputShape done
Event: 1.500 Loading class io/qameta/allure/internal/shadowed/jackson/databind/jsontype/DefaultBaseTypeLimitingValidator
Event: 1.500 Loading class io/qameta/allure/internal/shadowed/jackson/databind/jsontype/DefaultBaseTypeLimitingValidator done
Event: 1.501 Loading class io/qameta/allure/internal/shadowed/jackson/core/PrettyPrinter
Event: 1.501 Loading class io/qameta/allure/internal/shadowed/jackson/core/PrettyPrinter done
Event: 1.502 Loading class io/qameta/allure/internal/shadowed/jackson/annotation/JsonFormat$Value
Event: 1.502 Loading class io/qameta/allure/internal/shadowed/jackson/annotation/JsonFormat$Value done
Event: 1.503 Loading class io/qameta/allure/internal/shadowed/jackson/annotation/JsonFormat$Shape
Event: 1.503 Loading class io/qameta/allure/internal/shadowed/jackson/annotation/JsonFormat$Shape done
Event: 1.503 Loading class io/qameta/allure/internal/shadowed/jackson/annotation/JsonFormat$Features
Event: 1.503 Loading class io/qameta/allure/internal/shadowed/jackson/annotation/JsonFormat$Features done
Event: 1.503 Loading class io/qameta/allure/internal/shadowed/jackson/databind/cfg/ConfigOverride
Event: 1.503 Loading class io/qameta/allure/internal/shadowed/jackson/databind/cfg/ConfigOverride done
Event: 1.504 Loading class io/qameta/allure/internal/shadowed/jackson/databind/cfg/ConfigOverride$Empty
Event: 1.504 Loading class io/qameta/allure/internal/shadowed/jackson/databind/cfg/ConfigOverride$Empty done

Classes unloaded (0 events):
No events

Classes redefined (1 events):
Event: 0.233 Thread 0x00000198ff277690 redefined class name=java.lang.Throwable, count=1

Internal exceptions (17 events):
Event: 0.193 Thread 0x00000198e352f7a0 Exception <a 'java/lang/NoSuchMethodError'{0x0000000750b547f8}: 'void java.lang.invoke.DirectMethodHandle$Holder.invokeStatic(java.lang.Object, java.lang.Object, java.lang.Object)'> (0x0000000750b547f8) 
thrown [s\open\src\hotspot\share\interpreter\linkResolver.cpp, line 804]
Event: 0.200 Thread 0x00000198e352f7a0 Exception <a 'java/lang/NoSuchMethodError'{0x0000000750b89690}: 'java.lang.Object java.lang.invoke.Invokers$Holder.invokeExact_MT(java.lang.Object, java.lang.Object, java.lang.Object, java.lang.Object, java.lang.Object)'> (0x0000000750b89690) 
thrown [s\open\src\hotspot\share\interpreter\linkResolver.cpp, line 804]
Event: 0.434 Thread 0x00000198e352f7a0 Exception <a 'java/lang/NoSuchMethodError'{0x00000007506d2b88}: 'java.lang.Object java.lang.invoke.DirectMethodHandle$Holder.invokeStaticInit(java.lang.Object)'> (0x00000007506d2b88) 
thrown [s\open\src\hotspot\share\interpreter\linkResolver.cpp, line 804]
Event: 0.440 Thread 0x00000198e352f7a0 Exception <a 'java/lang/NoSuchMethodError'{0x00000007506de5f8}: 'void java.lang.invoke.DirectMethodHandle$Holder.invokeStatic(java.lang.Object, java.lang.Object)'> (0x00000007506de5f8) 
thrown [s\open\src\hotspot\share\interpreter\linkResolver.cpp, line 804]
Event: 0.440 Thread 0x00000198860ac9f0 Exception <a 'java/lang/NoSuchMethodError'{0x000000075078ce50}: 'void java.lang.invoke.DirectMethodHandle$Holder.invokeStatic(java.lang.Object, java.lang.Object)'> (0x000000075078ce50) 
thrown [s\open\src\hotspot\share\interpreter\linkResolver.cpp, line 804]
Event: 0.768 Thread 0x00000198e352f7a0 Exception <a 'java/lang/NoSuchMethodError'{0x000000074fce92c8}: 'java.lang.Object java.lang.invoke.DirectMethodHandle$Holder.invokeVirtual(java.lang.Object, java.lang.Object, java.lang.Object)'> (0x000000074fce92c8) 
thrown [s\open\src\hotspot\share\interpreter\linkResolver.cpp, line 804]
Event: 0.811 Thread 0x00000198e352f7a0 Exception <a 'java/lang/NoSuchMethodError'{0x000000074fd89578}: 'int java.lang.invoke.DirectMethodHandle$Holder.invokeStaticInit(java.lang.Object, java.lang.Object)'> (0x000000074fd89578) 
thrown [s\open\src\hotspot\share\interpreter\linkResolver.cpp, line 804]
Event: 0.894 Thread 0x00000198e352f7a0 Exception <a 'java/lang/NoSuchMethodError'{0x000000074fb10880}: 'void java.lang.invoke.DirectMethodHandle$Holder.invokeSpecial(java.lang.Object, java.lang.Object, java.lang.Object)'> (0x000000074fb10880) 
thrown [s\open\src\hotspot\share\interpreter\linkResolver.cpp, line 804]
Event: 0.933 Thread 0x00000198e352f7a0 Exception <a 'java/lang/NoSuchMethodError'{0x000000074f81e330}: 'void java.lang.invoke.DelegatingMethodHandle$Holder.reinvoke_L(java.lang.Object, java.lang.Object, int)'> (0x000000074f81e330) 
thrown [s\open\src\hotspot\share\interpreter\linkResolver.cpp, line 804]
Event: 0.934 Thread 0x00000198e352f7a0 Exception <a 'java/lang/NoSuchMethodError'{0x000000074f82e720}: 'int java.lang.invoke.Invokers$Holder.invokeExact_MT(java.lang.Object, java.lang.Object, java.lang.Object)'> (0x000000074f82e720) 
thrown [s\open\src\hotspot\share\interpreter\linkResolver.cpp, line 804]
Event: 0.944 Thread 0x00000198e352f7a0 Exception <a 'java/lang/NoSuchMethodError'{0x000000074f85e3c8}: 'void java.lang.invoke.Invokers$Holder.invokeExact_MT(java.lang.Object, java.lang.Object, java.lang.Object, java.lang.Object)'> (0x000000074f85e3c8) 
thrown [s\open\src\hotspot\share\interpreter\linkResolver.cpp, line 804]
Event: 0.947 Thread 0x00000198e352f7a0 Exception <a 'java/lang/NoSuchMethodError'{0x000000074f870440}: 'void java.lang.invoke.DirectMethodHandle$Holder.invokeVirtual(java.lang.Object, java.lang.Object, int)'> (0x000000074f870440) 
thrown [s\open\src\hotspot\share\interpreter\linkResolver.cpp, line 804]
Event: 0.981 Thread 0x00000198e352f7a0 Exception <a 'java/lang/NoSuchMethodError'{0x000000074f984ba8}: 'java.lang.Object java.lang.invoke.DirectMethodHandle$Holder.invokeInterface(java.lang.Object, java.lang.Object)'> (0x000000074f984ba8) 
thrown [s\open\src\hotspot\share\interpreter\linkResolver.cpp, line 804]
Event: 1.060 Thread 0x00000198e352f7a0 Exception <a 'java/lang/ClassNotFoundException'{0x000000074f6e87d0}: com/sun/org/apache/xerces/internal/impl/msg/spi/SAXMessagesProvider> (0x000000074f6e87d0) 
thrown [s\open\src\hotspot\share\classfile\systemDictionary.cpp, line 327]
Event: 1.125 Thread 0x00000198e352f7a0 Exception <a 'java/lang/NoSuchMethodError'{0x000000074f45a048}: 'java.lang.Object java.lang.invoke.DirectMethodHandle$Holder.invokeStaticInit(java.lang.Object, int, int, int, int)'> (0x000000074f45a048) 
thrown [s\open\src\hotspot\share\interpreter\linkResolver.cpp, line 804]
Event: 1.161 Thread 0x00000198e352f7a0 Exception <a 'java/lang/NoSuchMethodError'{0x000000074f53e818}: 'java.lang.Object java.lang.invoke.DirectMethodHandle$Holder.invokeStaticInit(java.lang.Object, java.lang.Object, int, int, int, int)'> (0x000000074f53e818) 
thrown [s\open\src\hotspot\share\interpreter\linkResolver.cpp, line 804]
Event: 1.183 Thread 0x00000198e352f7a0 Exception <a 'java/lang/NoSuchMethodError'{0x000000074f5b66d8}: 'void java.lang.invoke.DirectMethodHandle$Holder.invokeVirtual(java.lang.Object, java.lang.Object)'> (0x000000074f5b66d8) 
thrown [s\open\src\hotspot\share\interpreter\linkResolver.cpp, line 804]

VM Operations (16 events):
Event: 0.171 Executing non-safepoint VM operation: HandshakeAllThreads (Deoptimize)
Event: 0.171 Executing non-safepoint VM operation: HandshakeAllThreads (Deoptimize) done
Event: 0.232 Executing safepoint VM operation: RedefineClasses
Event: 0.234 Executing safepoint VM operation: RedefineClasses done
Event: 0.395 Executing non-safepoint VM operation: HandshakeAllThreads (Deoptimize)
Event: 0.395 Executing non-safepoint VM operation: HandshakeAllThreads (Deoptimize) done
Event: 0.692 Executing non-safepoint VM operation: HandshakeAllThreads (Deoptimize)
Event: 0.692 Executing non-safepoint VM operation: HandshakeAllThreads (Deoptimize) done
Event: 0.750 Executing non-safepoint VM operation: HandshakeAllThreads (Deoptimize)
Event: 0.750 Executing non-safepoint VM operation: HandshakeAllThreads (Deoptimize) done
Event: 1.094 Executing non-safepoint VM operation: HandshakeAllThreads (Deoptimize)
Event: 1.094 Executing non-safepoint VM operation: HandshakeAllThreads (Deoptimize) done
Event: 1.110 Executing non-safepoint VM operation: HandshakeAllThreads (Deoptimize)
Event: 1.110 Executing non-safepoint VM operation: HandshakeAllThreads (Deoptimize) done
Event: 1.174 Executing non-safepoint VM operation: HandshakeAllThreads (Deoptimize)
Event: 1.174 Executing non-safepoint VM operation: HandshakeAllThreads (Deoptimize) done

Memory protections (0 events):
No events

Nmethod flushes (0 events):
No events

Events (16 events):
Event: 0.047 Thread 0x00000198e352f7a0 Thread added: 0x00000198e352f7a0
Event: 0.062 Thread 0x00000198e352f7a0 Thread added: 0x00000198ff285e30
Event: 0.062 Thread 0x00000198e352f7a0 Thread added: 0x00000198ff286890
Event: 0.062 Thread 0x00000198e352f7a0 Thread added: 0x00000198ff288dd0
Event: 0.062 Thread 0x00000198e352f7a0 Thread added: 0x00000198ff28c9b0
Event: 0.062 Thread 0x00000198e352f7a0 Thread added: 0x00000198ff2900f0
Event: 0.063 Thread 0x00000198e352f7a0 Thread added: 0x00000198ff291820
Event: 0.063 Thread 0x00000198e352f7a0 Thread added: 0x00000198ff293ed0
Event: 0.063 Thread 0x00000198e352f7a0 Thread added: 0x00000198ff29eaa0
Event: 0.202 Thread 0x00000198e352f7a0 Thread added: 0x00000198ffd63e60
Event: 0.235 Thread 0x00000198e352f7a0 Thread added: 0x00000198ffdf56c0
Event: 0.348 Thread 0x00000198e352f7a0 Thread added: 0x00000198860ac9f0
Event: 0.348 Thread 0x00000198e352f7a0 Thread added: 0x00000198860c5c80
Event: 0.524 Thread 0x00000198ff29eaa0 Thread added: 0x00000198863934e0
Event: 1.323 Thread 0x00000198863934e0 Thread exited: 0x00000198863934e0
Event: 1.416 Thread 0x00000198ff29eaa0 Thread added: 0x00000198872a2b90


Dynamic libraries:
0x00007ff686d10000 - 0x00007ff686d1e000 	C:\Users\bijin\.jdks\openjdk-25.0.2\bin\java.exe
0x00007ffb38720000 - 0x00007ffb38987000 	C:\WINDOWS\SYSTEM32\ntdll.dll
0x00007ffb381a0000 - 0x00007ffb38269000 	C:\WINDOWS\System32\KERNEL32.DLL
0x00007ffb35150000 - 0x00007ffb35547000 	C:\WINDOWS\System32\KERNELBASE.dll
0x00007ffb35740000 - 0x00007ffb3588b000 	C:\WINDOWS\System32\ucrtbase.dll
0x00007ffb30530000 - 0x00007ffb3054e000 	C:\Users\bijin\.jdks\openjdk-25.0.2\bin\VCRUNTIME140.dll
0x00007ffb306f0000 - 0x00007ffb30707000 	C:\Users\bijin\.jdks\openjdk-25.0.2\bin\jli.dll
0x00007ffb365b0000 - 0x00007ffb36776000 	C:\WINDOWS\System32\USER32.dll
0x00007ffb35890000 - 0x00007ffb358b7000 	C:\WINDOWS\System32\win32u.dll
0x00007ffb380e0000 - 0x00007ffb3810b000 	C:\WINDOWS\System32\GDI32.dll
0x00007ffb0f800000 - 0x00007ffb0fa92000 	C:\WINDOWS\WinSxS\amd64_microsoft.windows.common-controls_6595b64144ccf1df_6.0.26100.8457_none_3e0b2faee331e92d\COMCTL32.dll
0x00007ffb35b00000 - 0x00007ffb35c2c000 	C:\WINDOWS\System32\gdi32full.dll
0x00007ffb36d40000 - 0x00007ffb36de9000 	C:\WINDOWS\System32\msvcrt.dll
0x00007ffb35550000 - 0x00007ffb355f3000 	C:\WINDOWS\System32\msvcp_win.dll
0x00007ffb37c90000 - 0x00007ffb37cc2000 	C:\WINDOWS\System32\IMM32.DLL
0x0000000057970000 - 0x000000005797c000 	C:\Program Files (x86)\360\Total Security\safemon\SafeWrapper.dll
0x00007ffb36c00000 - 0x00007ffb36cb6000 	C:\WINDOWS\System32\ADVAPI32.dll
0x00007ffb37d20000 - 0x00007ffb37dc7000 	C:\WINDOWS\System32\sechost.dll
0x00007ffb37e60000 - 0x00007ffb37f78000 	C:\WINDOWS\System32\RPCRT4.dll
0x00007ffb06540000 - 0x00007ffb065ec000 	C:\Program Files (x86)\360\Total Security\safemon\libzdtp64.dll
0x00007ffb36ed0000 - 0x00007ffb3763e000 	C:\WINDOWS\System32\SHELL32.dll
0x00007ffb38130000 - 0x00007ffb38196000 	C:\WINDOWS\System32\SHLWAPI.dll
0x00007ffb35c30000 - 0x00007ffb3649c000 	C:\WINDOWS\System32\Windows.Storage.dll
0x00007ffb38330000 - 0x00007ffb386b3000 	C:\WINDOWS\System32\combase.dll
0x00007ffb34c30000 - 0x00007ffb34c3b000 	C:\WINDOWS\SYSTEM32\VERSION.dll
0x00007ffb306d0000 - 0x00007ffb306dc000 	C:\Users\bijin\.jdks\openjdk-25.0.2\bin\vcruntime140_1.dll
0x00007ffb129b0000 - 0x00007ffb12a3d000 	C:\Users\bijin\.jdks\openjdk-25.0.2\bin\msvcp140.dll
0x00007ffaa6930000 - 0x00007ffaa778f000 	C:\Users\bijin\.jdks\openjdk-25.0.2\bin\server\jvm.dll
0x00007ffb364a0000 - 0x00007ffb36520000 	C:\WINDOWS\System32\WS2_32.dll
0x00007ffb34fb0000 - 0x00007ffb3500e000 	C:\WINDOWS\SYSTEM32\POWRPROF.dll
0x00007ffb2ffd0000 - 0x00007ffb30006000 	C:\WINDOWS\SYSTEM32\WINMM.dll
0x00007ffb34f90000 - 0x00007ffb34fa4000 	C:\WINDOWS\SYSTEM32\UMPDC.dll
0x00007ffb33e70000 - 0x00007ffb33e8b000 	C:\WINDOWS\SYSTEM32\kernel.appcore.dll
0x00007ffb304a0000 - 0x00007ffb304aa000 	C:\Users\bijin\.jdks\openjdk-25.0.2\bin\jimage.dll
0x00007ffb32f20000 - 0x00007ffb33162000 	C:\WINDOWS\SYSTEM32\DBGHELP.DLL
0x00007ffb36df0000 - 0x00007ffb36ec9000 	C:\WINDOWS\System32\OLEAUT32.dll
0x00007ffb05510000 - 0x00007ffb0554b000 	C:\WINDOWS\SYSTEM32\dbgcore.DLL
0x00007ffb35690000 - 0x00007ffb35738000 	C:\WINDOWS\System32\bcryptPrimitives.dll
0x00007ffb30470000 - 0x00007ffb30480000 	C:\Users\bijin\.jdks\openjdk-25.0.2\bin\instrument.dll
0x00007ffb303b0000 - 0x00007ffb303cf000 	C:\Users\bijin\.jdks\openjdk-25.0.2\bin\java.dll
0x00007ffb37af0000 - 0x00007ffb37c87000 	C:\WINDOWS\System32\ole32.dll
0x00007ffb30370000 - 0x00007ffb30387000 	C:\Users\bijin\.jdks\openjdk-25.0.2\bin\zip.dll
0x00007ffb367c0000 - 0x00007ffb368b6000 	C:\WINDOWS\System32\SHCORE.dll
0x00007ffb35070000 - 0x00007ffb35099000 	C:\WINDOWS\SYSTEM32\profapi.dll
0x00007ffb30460000 - 0x00007ffb30470000 	C:\Users\bijin\.jdks\openjdk-25.0.2\bin\verify.dll
0x00007ffb302f0000 - 0x00007ffb30302000 	C:\Users\bijin\.jdks\openjdk-25.0.2\bin\net.dll
0x00007ffb343e0000 - 0x00007ffb3444c000 	C:\WINDOWS\system32\mswsock.dll
0x00007ffb12990000 - 0x00007ffb129a6000 	C:\Users\bijin\.jdks\openjdk-25.0.2\bin\nio.dll
0x00007ffb300c0000 - 0x00007ffb300c9000 	C:\Users\bijin\.jdks\openjdk-25.0.2\bin\extnet.dll
0x00007ffb346c0000 - 0x00007ffb346db000 	C:\WINDOWS\SYSTEM32\CRYPTSP.dll
0x00007ffb33dd0000 - 0x00007ffb33e09000 	C:\WINDOWS\system32\rsaenh.dll
0x00007ffb34490000 - 0x00007ffb344c3000 	C:\WINDOWS\SYSTEM32\USERENV.dll
0x00007ffb35040000 - 0x00007ffb3506a000 	C:\WINDOWS\SYSTEM32\bcrypt.dll
0x00007ffb346e0000 - 0x00007ffb346ec000 	C:\WINDOWS\SYSTEM32\CRYPTBASE.dll
0x00007ffb338f0000 - 0x00007ffb33922000 	C:\WINDOWS\SYSTEM32\IPHLPAPI.DLL
0x00007ffb36780000 - 0x00007ffb3678a000 	C:\WINDOWS\System32\NSI.dll

JVMTI agents:
C:\Users\bijin\AppData\Local\JetBrains\IntelliJIdea2025.3\captureAgent\debugger-agent.jar path:C:\Users\bijin\.jdks\openjdk-25.0.2\bin\instrument.dll, loaded, initialized, instrumentlib options:file:///C:/Users/bijin/AppData/Local/Temp/capture5658723430676318924.props
C:\Program Files\JetBrains\IntelliJ IDEA 2025.3.3\lib\idea_rt.jar path:C:\Users\bijin\.jdks\openjdk-25.0.2\bin\instrument.dll, loaded, initialized, instrumentlib options:50607

dbghelp: loaded successfully - version: 4.0.5 - missing functions: none
symbol engine: initialized successfully - sym options: 0x614 - pdb path: .;C:\Users\bijin\.jdks\openjdk-25.0.2\bin;C:\WINDOWS\SYSTEM32;C:\WINDOWS\WinSxS\amd64_microsoft.windows.common-controls_6595b64144ccf1df_6.0.26100.8457_none_3e0b2faee331e92d;C:\Program Files (x86)\360\Total Security\safemon;C:\Users\bijin\.jdks\openjdk-25.0.2\bin\server

VM Arguments:
jvm_args: -javaagent:C:\Users\bijin\AppData\Local\JetBrains\IntelliJIdea2025.3\captureAgent\debugger-agent.jar=file:///C:/Users/bijin/AppData/Local/Temp/capture5658723430676318924.props -ea -Didea.test.cyclic.buffer.size=1048576 -javaagent:C:\Program Files\JetBrains\IntelliJ IDEA 2025.3.3\lib\idea_rt.jar=50607 -Dkotlinx.coroutines.debug.enable.creation.stack.trace=false -Ddebugger.agent.enable.coroutines=true -Dkotlinx.coroutines.debug.enable.flows.stack.trace=true -Dkotlinx.coroutines.debug.enable.mutable.state.flows.stack.trace=true -Ddebugger.async.stack.trace.for.all.threads=true -Dfile.encoding=UTF-8 -Dsun.stdout.encoding=UTF-8 -Dsun.stderr.encoding=UTF-8 
java_command: com.intellij.rt.testng.RemoteTestNGStarter -usedefaultlisteners false -socket50606 @w@C:\Users\bijin\AppData\Local\Temp\idea_working_dirs_testng.tmp -temp C:\Users\bijin\AppData\Local\Temp\idea_testng.tmp
java_class_path (initial): C:\Program Files\JetBrains\IntelliJ IDEA 2025.3.3\lib\idea_rt.jar;C:\Program Files\JetBrains\IntelliJ IDEA 2025.3.3\plugins\testng\lib\testng-rt.jar;C:\Users\bijin\IdeaProjects\SeleniumBDDFramework\target\test-classes;C:\Users\bijin\IdeaProjects\SeleniumBDDFramework\target\classes;C:\Users\bijin\.m2\repository\org\seleniumhq\selenium\selenium-java\4.19.1\selenium-java-4.19.1.jar;C:\Users\bijin\.m2\repository\org\seleniumhq\selenium\selenium-api\4.19.1\selenium-api-4.19.1.jar;C:\Users\bijin\.m2\repository\org\seleniumhq\selenium\selenium-chrome-driver\4.19.1\selenium-chrome-driver-4.19.1.jar;C:\Users\bijin\.m2\repository\com\google\auto\service\auto-service-annotations\1.1.1\auto-service-annotations-1.1.1.jar;C:\Users\bijin\.m2\repository\org\seleniumhq\selenium\selenium-chromium-driver\4.19.1\selenium-chromium-driver-4.19.1.jar;C:\Users\bijin\.m2\repository\org\seleniumhq\selenium\selenium-json\4.19.1\selenium-json-4.19.1.jar;C:\Users\bijin\.m2\repository\org\seleniumhq\selenium\selenium-manager\4.19.1\selenium-manager-4.19.1.jar;C:\Users\bijin\.m2\repository\org\seleniumhq\selenium\selenium-devtools-v121\4.19.1\selenium-devtools-v121-4.19.1.jar;C:\Users\bijin\.m2\repository\org\seleniumhq\selenium\selenium-devtools-v122\4.19.1\selenium-devtools-v122-4.19.1.jar;C:\Users\bijin\.m2\repository\org\seleniumhq\selenium\selenium-devtools-v123\4.19.1\selenium-devtools-v123-4.19.1.jar;C:\Users\bijin\.m2\repository\org\seleniumhq\selenium\selenium-devtools-v85\4.19.1\selenium-devtools-v85-4.19.1.jar;C:\Users\bijin\.m2\repository\org\seleniumhq\selenium\selenium-edge-driver\4.19.1\selenium-edge-driver-4.19.1.jar;C:\Users\bijin\.m2\repository\org\seleniumhq\selenium\selenium-firefox-driver\4.19.1\selenium-firefox-driver-4.19.1.jar;C:\Users\bijin\.m2\repository\org\seleniumhq\selenium\selenium-http\4.19.1\selenium-http-4.19.1.jar;C:\Users\bijin\.m2\repository\dev\failsafe\failsafe\3.3.2\failsafe-3.3.2.jar;C:\Users\bijin\.m2\repository\org\seleniumhq\selenium\selenium-ie-driver\4.19.1\selenium-ie-driver-4.19.1.jar;C:\Users\bijin\.m2\repository\org\seleniumhq\selenium\selenium-remote-driver\4.19.1\selenium-remote-driver-4.19.1.jar;C:\Users\bijin\.m2\repository\com\google\guava\guava\33.1.0-jre\guava-33.1.0-jre.jar;C:\Users\bijin\.m2\repository\com\google\guava\failureaccess\1.0.2\failureaccess-1.0.2.jar;C:\Users\bijin\.m2\repository\com\google\guava\listenablefuture\9999.0-empty-to-avoid-conflict-with-guava\listenablefuture-9999.0-empty-to-avoid-conflict-with-guava.jar;C:\Users\bijin\.m2\repository\com\google\code\findbugs\jsr305\3.0.2\jsr305-3.0.2.jar;C:\Users\bijin\.m2\repository\org\checkerframework\checker-qual\3.42.0\checker-qual-3.42.0.jar;C:\Users\bijin\.m2\repository\com\google\errorprone\error_prone_annotations\2.26.1\error_prone_annotations-2.26.1.jar;C:\Users\bijin\.m2\repository\com\google\j2objc\j2objc-annotations\3.0.0\j2objc-annotations-3.0.0.jar;C:\Users\bijin\.m2\repository\io\opentelemetry\semconv\opentelemetry-semconv\1.23.1-alpha\opentelemetry-semconv-1.23.1-alpha.jar;C:\Users\bijin\.m2\repository\io\opentelemetry\opentelemetry-api\1.36.0\opentelemetry-api-1.36.0.jar;C:\Users\bijin\.m2\repository\io\opentelemetry\opentelemetry-context\1.36.0\opentelemetry-context-1.36.0.jar;C:\Users\bijin\.m2\repository\io\opentelemetry\opentelemetry-exporter-logging\1.36.0\opentelemetry-exporter-logging-1.36.0.jar;C:\Users\bijin\.m2\repository\io\opentelemetry\opentelemetry-sdk-common\1.36.0\opentelemetry-sdk-common-1.36.0.jar;C:\Users\bijin\.m2\repository\io\opentelemetry\opentelemetry-sdk-extension-autoconfigure-spi\1.36.0\opentelemetry-sdk-extension-autoconfigure-spi-1.36.0.jar;C:\Users\bijin\.m2\repository\io\opentelemetry\opentelemetry-sdk-extension-autoconfigure\1.36.0\opentelemetry-sdk-extension-autoconfigure-1.36.0.jar;C:\Users\bijin\.m2\repository\io\opentelemetry\opentelemetry-api-events\1.36.0-alpha\opentelemetry-api-events-1.36.0-alpha.jar;C:\Users\bijin\.m2\repository\io\opentelemetry\opentelemetry-sdk-trace\1.36.0\opentelemetry-sdk-trace-1.36.0.jar;C:\Users\bijin\.m2\repository\io\opentelemetry\opentelemetry-extension-incubator\1.36.0-alpha\opentelemetry-extension-incubator-1.36.0-alpha.jar;C:\Users\bijin\.m2\repository\io\opentelemetry\opentelemetry-sdk\1.36.0\opentelemetry-sdk-1.36.0.jar;C:\Users\bijin\.m2\repository\io\opentelemetry\opentelemetry-sdk-metrics\1.36.0\opentelemetry-sdk-metrics-1.36.0.jar;C:\Users\bijin\.m2\repository\io\opentelemetry\opentelemetry-sdk-logs\1.36.0\opentelemetry-sdk-logs-1.36.0.jar;C:\Users\bijin\.m2\repository\net\bytebuddy\byte-buddy\1.14.12\byte-buddy-1.14.12.jar;C:\Users\bijin\.m2\repository\org\seleniumhq\selenium\selenium-os\4.19.1\selenium-os-4.19.1.jar;C:\Users\bijin\.m2\repository\org\apache\commons\commons-exec\1.3\commons-exec-1.3.jar;C:\Users\bijin\.m2\repository\org\seleniumhq\selenium\selenium-safari-driver\4.19.1\selenium-safari-driver-4.19.1.jar;C:\Users\bijin\.m2\repository\org\seleniumhq\selenium\selenium-support\4.19.1\selenium-support-4.19.1.jar;C:\Users\bijin\.m2\repository\io\github\bonigarcia\webdrivermanager\5.7.0\webdrivermanager-5.7.0.jar;C:\Users\bijin\.m2\repository\org\slf4j\slf4j-api\2.0.12\slf4j-api-2.0.12.jar;C:\Users\bijin\.m2\repository\com\google\code\gson\gson\2.10.1\gson-2.10.1.jar;C:\Users\bijin\.m2\repository\com\github\docker-java\docker-java\3.3.5\docker-java-3.3.5.jar;C:\Users\bijin\.m2\repository\com\github\docker-java\docker-java-core\3.3.5\docker-java-core-3.3.5.jar;C:\Users\bijin\.m2\repository\com\github\docker-java\docker-java-api\3.3.5\docker-java-api-3.3.5.jar;C:\Users\bijin\.m2\repository\com\fasterxml\jackson\core\jackson-annotations\2.10.3\jackson-annotations-2.10.3.jar;C:\Users\bijin\.m2\repository\com\fasterxml\jackson\core\jackson-databind\2.10.3\jackson-databind-2.10.3.jar;C:\Users\bijin\.m2\repository\com\fasterxml\jackson\core\jackson-core\2.10.3\jackson-core-2.10.3.jar;C:\Users\bijin\.m2\repository\org\bouncycastle\bcpkix-jdk18on\1.76\bcpkix-jdk18on-1.76.jar;C:\Users\bijin\.m2\repository\org\bouncycastle\bcprov-jdk18on\1.76\bcprov-jdk18on-1.76.jar;C:\Users\bijin\.m2\repository\org\bouncycastle\bcutil-jdk18on\1.76\bcutil-jdk18on-1.76.jar;C:\Users\bijin\.m2\repository\org\slf4j\jcl-over-slf4j\1.7.30\jcl-over-slf4j-1.7.30.jar;C:\Users\bijin\.m2\repository\com\github\docker-java\docker-java-transport-httpclient5\3.3.5\docker-java-transport-httpclient5-3.3.5.jar;C:\Users\bijin\.m2\repository\com\github\docker-java\docker-java-transport\3.3.5\docker-java-transport-3.3.5.jar;C:\Users\bijin\.m2\repository\net\java\dev\jna\jna\5.13.0\jna-5.13.0.jar;C:\Users\bijin\.m2\repository\org\brotli\dec\0.1.2\dec-0.1.2.jar;C:\Users\bijin\.m2\repository\org\apache\commons\commons-lang3\3.14.0\commons-lang3-3.14.0.jar;C:\Users\bijin\.m2\repository\org\apache\commons\commons-compress\1.26.0\commons-compress-1.26.0.jar;C:\Users\bijin\.m2\repository\commons-io\commons-io\2.15.1\commons-io-2.15.1.jar;C:\Users\bijin\.m2\repository\org\apache\httpcomponents\client5\httpclient5\5.2.1\httpclient5-5.2.1.jar;C:\Users\bijin\.m2\repository\org\apache\httpcomponents\core5\httpcore5\5.2\httpcore5-5.2.jar;C:\Users\bijin\.m2\repository\org\apache\httpcomponents\core5\httpcore5-h2\5.2\httpcore5-h2-5.2.jar;C:\Users\bijin\.m2\repository\io\cucumber\cucumber-java\7.15.0\cucumber-java-7.15.0.jar;C:\Users\bijin\.m2\repository\io\cucumber\cucumber-core\7.15.0\cucumber-core-7.15.0.jar;C:\Users\bijin\.m2\repository\io\cucumber\cucumber-gherkin\7.15.0\cucumber-gherkin-7.15.0.jar;C:\Users\bijin\.m2\repository\io\cucumber\cucumber-gherkin-messages\7.15.0\cucumber-gherkin-messages-7.15.0.jar;C:\Users\bijin\.m2\repository\io\cucumber\gherkin\26.2.0\gherkin-26.2.0.jar;C:\Users\bijin\.m2\repository\io\cucumber\messages\22.0.0\messages-22.0.0.jar;C:\Users\bijin\.m2\repository\io\cucumber\tag-expressions\6.0.0\tag-expressions-6.0.0.jar;C:\Users\bijin\.m2\repository\io\cucumber\cucumber-expressions\17.0.1\cucumber-expressions-17.0.1.jar;C:\Users\bijin\.m2\repository\io\cucumber\datatable\7.15.0\datatable-7.15.0.jar;C:\Users\bijin\.m2\repository\io\cucumber\cucumber-plugin\7.15.0\cucumber-plugin-7.15.0.jar;C:\Users\bijin\.m2\repository\io\cucumber\docstring\7.15.0\docstring-7.15.0.jar;C:\Users\bijin\.m2\repository\io\cucumber\html-formatter\20.4.0\html-formatter-20.4.0.jar;C:\Users\bijin\.m2\repository\io\cucumber\junit-xml-formatter\0.2.0\junit-xml-formatter-0.2.0.jar;C:\Users\bijin\.m2\repository\io\cucumber\ci-environment\10.0.0\ci-environment-10.0.0.jar;C:\Users\bijin\.m2\repository\org\apiguardian\apiguardian-api\1.1.2\apiguardian-api-1.1.2.jar;C:\Users\bijin\.m2\repository\io\cucumber\cucumber-testng\7.15.0\cucumber-testng-7.15.0.jar;C:\Users\bijin\.m2\repository\io\qameta\allure\allure-cucumber7-jvm\2.29.0\allure-cucumber7-jvm-2.29.0.jar;C:\Users\bijin\.m2\repository\io\qameta\allure\allure-java-commons\2.29.0\allure-java-commons-2.29.0.jar;C:\Users\bijin\.m2\repository\io\qameta\allure\allure-model\2.29.0\allure-model-2.29.0.jar;C:\Users\bijin\.m2\repository\io\qameta\allure\allure-testng\2.29.0\allure-testng-2.29.0.jar;C:\Users\bijin\.m2\repository\io\qameta\allure\allure-test-filter\2.29.0\allure-test-filter-2.29.0.jar;C:\Users\bijin\.m2\repository\org\testng\testng\7.10.2\testng-7.10.2.jar;C:\Users\bijin\.m2\repository\com\beust\jcommander\1.82\jcommander-1.82.jar;C:\Users\bijin\.m2\repository\org\webjars\jquery\3.7.1\jquery-3.7.1.jar;C:\Users\bijin\.m2\repository\org\slf4j\slf4j-simple\2.0.12\slf4j-simple-2.0.12.jar;C:\Users\bijin\.m2\repository\com\microsoft\sqlserver\mssql-jdbc\12.6.1.jre11\mssql-jdbc-12.6.1.jre11.jar;C:\Users\bijin\.m2\repository\io\rest-assured\rest-assured\5.4.0\rest-assured-5.4.0.jar;C:\Users\bijin\.m2\repository\org\apache\groovy\groovy\4.0.16\groovy-4.0.16.jar;C:\Users\bijin\.m2\repository\org\apache\groovy\groovy-xml\4.0.16\groovy-xml-4.0.16.jar;C:\Users\bijin\.m2\repository\org\apache\httpcomponents\httpclient\4.5.13\httpclient-4.5.13.jar;C:\Users\bijin\.m2\repository\org\apache\httpcomponents\httpcore\4.4.13\httpcore-4.4.13.jar;C:\Users\bijin\.m2\repository\commons-logging\commons-logging\1.2\commons-logging-1.2.jar;C:\Users\bijin\.m2\repository\commons-codec\commons-codec\1.11\commons-codec-1.11.jar;C:\Users\bijin\.m2\repository\org\apache\httpcomponents\httpmime\4.5.13\httpmime-4.5.13.jar;C:\Users\bijin\.m2\repository\org\hamcrest\hamcrest\2.2\hamcrest-2.2.jar;C:\Users\bijin\.m2\repository\org\ccil\cowan\tagsoup\tagsoup\1.2.1\tagsoup-1.2.1.jar;C:\Users\bijin\.m2\repository\io\rest-assured\json-path\5.4.0\json-path-5.4.0.jar;C:\Users\bijin\.m2\repository\org\apache\groovy\groovy-json\4.0.16\groovy-json-4.0.16.jar;C:\Users\bijin\.m2\repository\io\rest-assured\rest-assured-common\5.4.0\rest-assured-common-5.4.0.jar;C:\Users\bijin\.m2\repository\io\rest-assured\xml-path\5.4.0\xml-path-5.4.0.jar
Launcher Type: SUN_STANDARD

[Global flags]
     intx CICompilerCount                          = 4                                         {product} {ergonomic}
     uint ConcGCThreads                            = 3                                         {product} {ergonomic}
     uint G1ConcRefinementThreads                  = 10                                        {product} {ergonomic}
   size_t G1HeapRegionSize                         = 2097152                                   {product} {ergonomic}
   size_t InitialHeapSize                          = 197132288                                 {product} {ergonomic}
   size_t MarkStackSize                            = 4194304                                   {product} {ergonomic}
   size_t MarkStackSizeMax                         = 536870912                                 {product} {ergonomic}
   size_t MaxHeapSize                              = 3135242240                                {product} {ergonomic}
   size_t MaxNewSize                               = 1881145344                                {product} {ergonomic}
   size_t MinHeapDeltaBytes                        = 2097152                                   {product} {ergonomic}
   size_t MinHeapSize                              = 8388608                                   {product} {ergonomic}
    uintx NonNMethodCodeHeapSize                   = 5832704                                {pd product} {ergonomic}
    uintx NonProfiledCodeHeapSize                  = 122945536                              {pd product} {ergonomic}
    uintx ProfiledCodeHeapSize                     = 122880000                              {pd product} {ergonomic}
    uintx ReservedCodeCacheSize                    = 251658240                              {pd product} {ergonomic}
     bool SegmentedCodeCache                       = true                                      {product} {ergonomic}
   size_t SoftMaxHeapSize                          = 3135242240                             {manageable} {ergonomic}
     bool UseCompressedOops                        = true                           {product lp64_product} {ergonomic}
     bool UseG1GC                                  = true                                      {product} {ergonomic}
     bool UseLargePagesIndividualAllocation        = false                                  {pd product} {ergonomic}

Logging:
Log output configuration:
 #0: stdout all=warning uptime,level,tags foldmultilines=false
 #1: stderr all=off uptime,level,tags foldmultilines=false

Release file:
IMPLEMENTOR="Oracle Corporation" 
JAVA_RUNTIME_VERSION="25.0.2+10-69" 
JAVA_VERSION="25.0.2" 
JAVA_VERSION_DATE="2026-01-20" 
LIBC="default" 
MODULES="java.base java.compiler java.datatransfer java.xml java.prefs java.desktop java.instrument java.logging java.management java.security.sasl java.naming java.rmi java.management.rmi java.net.http java.scripting java.security.jgss java.transaction.xa java.sql java.sql.rowset java.xml.crypto java.se java.smartcardio jdk.accessibility jdk.internal.jvmstat jdk.attach jdk.charsets jdk.internal.opt jdk.zipfs jdk.compiler jdk.crypto.cryptoki jdk.crypto.ec jdk.crypto.mscapi jdk.dynalink jdk.internal.ed jdk.editpad jdk.internal.vm.ci jdk.graal.compiler jdk.graal.compiler.management jdk.hotspot.agent jdk.httpserver jdk.incubator.vector jdk.internal.le jdk.internal.md jdk.jartool jdk.javadoc jdk.jcmd jdk.management jdk.management.agent jdk.jconsole jdk.jdeps jdk.jdwp.agent jdk.jdi jdk.jfr jdk.jlink jdk.jpackage jdk.jshell jdk.jsobject jdk.jstatd jdk.localedata jdk.management.jfr jdk.naming.dns jdk.naming.rmi jdk.net jdk.nio.mapmode jdk.sctp jdk.security.auth jdk.security.jgss jdk.unsupported jdk.unsupported.desktop jdk.xml.dom" 
OS_ARCH="x86_64" 
OS_NAME="Windows" 
SOURCE=".:git:405a5699ebd0" 

Environment Variables:
PATH=C:\Program Files\Common Files\Oracle\Java\javapath;C:\WINDOWS\system32;C:\WINDOWS;C:\WINDOWS\System32\Wbem;C:\WINDOWS\System32\WindowsPowerShell\v1.0\;C:\WINDOWS\System32\OpenSSH\;C:\Program Files\nodejs\;C:\Program Files (x86)\Microsoft SQL Server\160\Tools\Binn\;C:\Program Files\Microsoft SQL Server\160\Tools\Binn\;C:\Program Files\Microsoft SQL Server\Client SDK\ODBC\170\Tools\Binn\;C:\Program Files\Microsoft SQL Server\160\DTS\Binn\;C:\Program Files\Git\cmd;C:\Users\bijin\AppData\Local\Microsoft\WindowsApps;C:\Users\bijin\AppData\Roaming\npm;C:\Users\bijin\AppData\Local\Programs\Microsoft VS Code\bin;C:\Program Files\JetBrains\IntelliJ IDEA 2025.3.3\bin;C:\Users\bijin\Downloads\allure-2.42.0\allure-2.42.0\bin;
USERNAME=bijin
OS=Windows_NT
PROCESSOR_IDENTIFIER=Intel64 Family 6 Model 154 Stepping 4, GenuineIntel
TMP=C:\Users\bijin\AppData\Local\Temp
TEMP=C:\Users\bijin\AppData\Local\Temp




Compilation memory statistics disabled.

Periodic native trim disabled

---------------  S Y S T E M  ---------------

OS:
 Windows 11 , 64 bit Build 26100 (10.0.26100.8328)
OS uptime: 2 days 14:07 hours
Hyper-V role detected

CPU: total 12 (initial active 12) (6 cores per cpu, 2 threads per core) family 6 model 154 stepping 4 microcode 0x435, cx8, cmov, fxsr, ht, mmx, 3dnowpref, sse, sse2, sse3, ssse3, sse4.1, sse4.2, popcnt, lzcnt, tsc, tscinvbit, avx, avx2, aes, erms, clmul, bmi1, bmi2, adx, sha, fma, vzeroupper, clflush, clflushopt, clwb, hv, serialize, rdtscp, rdpid, fsrm, gfni, f16c, cet_ibt, cet_ss
Processor Information for processor 0
  Max Mhz: 1300, Current Mhz: 1300, Mhz Limit: 1300
Processor Information for processor 1
  Max Mhz: 1300, Current Mhz: 1300, Mhz Limit: 1300
Processor Information for processor 2
  Max Mhz: 1300, Current Mhz: 1300, Mhz Limit: 1300
Processor Information for processor 3
  Max Mhz: 1300, Current Mhz: 1300, Mhz Limit: 1300
Processor Information for processor 4
  Max Mhz: 1300, Current Mhz: 900, Mhz Limit: 897
Processor Information for processor 5
  Max Mhz: 1300, Current Mhz: 900, Mhz Limit: 897
Processor Information for processor 6
  Max Mhz: 1300, Current Mhz: 900, Mhz Limit: 897
Processor Information for processor 7
  Max Mhz: 1300, Current Mhz: 900, Mhz Limit: 897
Processor Information for processor 8
  Max Mhz: 1300, Current Mhz: 900, Mhz Limit: 897
Processor Information for processor 9
  Max Mhz: 1300, Current Mhz: 900, Mhz Limit: 897
Processor Information for processor 10
  Max Mhz: 1300, Current Mhz: 900, Mhz Limit: 897
Processor Information for processor 11
  Max Mhz: 1300, Current Mhz: 900, Mhz Limit: 897

Memory: 4k page, system-wide physical 11959M (1057M free)
TotalPageFile size 20467M (AvailPageFile size 9M)
current process WorkingSet (physical memory assigned to process): 129M, peak: 129M
current process commit charge ("private bytes"): 319M, peak: 319M

vm_info: OpenJDK 64-Bit Server VM (25.0.2+10-69) for windows-amd64 JRE (25.0.2+10-69), built on 2025-12-18T11:36:35Z with MS VC++ 17.13 (VS2022)

END.
